../Core/Src/main.c:95:5:_write	4
../Core/Src/main.c:108:13:HAL_TIM_PeriodElapsedCallback	2
../Core/Src/main.c:114:20:do_dac	3
../Core/Src/main.c:124:6:HAL_DAC_ConvCpltCallbackCh1	1
../Core/Src/main.c:129:6:HAL_DAC_ConvHalfCpltCallbackCh1	1
../Core/Src/main.c:140:5:main	2
../Core/Src/main.c:210:6:SystemClock_Config	4
../Core/Src/main.c:261:13:MX_DAC_Init	3
../Core/Src/main.c:301:13:MX_I2C1_Init	4
../Core/Src/main.c:349:13:MX_SPI1_Init	2
../Core/Src/main.c:389:13:MX_TIM6_Init	3
../Core/Src/main.c:427:13:MX_USART1_UART_Init	2
../Core/Src/main.c:462:13:MX_USB_PCD_Init	2
../Core/Src/main.c:491:13:MX_DMA_Init	1
../Core/Src/main.c:509:13:MX_GPIO_Init	1
../Core/Src/main.c:566:6:Error_Handler	1
