../Core/Src/main.c:91:5:_write	4
../Core/Src/main.c:104:6:HAL_TIM_PeriodElapsedCallback	2
../Core/Src/main.c:111:6:led_flash	2
../Core/Src/main.c:120:6:process_character	3
../Core/Src/main.c:137:6:HAL_UARTEx_RxEventCallback	4
../Core/Src/main.c:159:6:HAL_UART_ErrorCallback	1
../Core/Src/main.c:170:5:main	3
../Core/Src/main.c:250:6:SystemClock_Config	4
../Core/Src/main.c:304:13:MX_I2C1_Init	4
../Core/Src/main.c:352:13:MX_SPI1_Init	2
../Core/Src/main.c:392:13:MX_TIM6_Init	3
../Core/Src/main.c:430:13:MX_UART4_Init	2
../Core/Src/main.c:465:13:MX_USART1_UART_Init	2
../Core/Src/main.c:500:13:MX_USART2_UART_Init	2
../Core/Src/main.c:535:13:MX_USB_PCD_Init	2
../Core/Src/main.c:564:13:MX_DMA_Init	1
../Core/Src/main.c:582:13:MX_GPIO_Init	1
../Core/Src/main.c:639:6:Error_Handler	1
